// Jest Snapshot v1, https://goo.gl/fbAQLP

exports[`<DatasourceSelector /> should match snapshot 1`] = `
<div>
  <div
    class="MuiFormControl-root makeStyles-formControl-1"
  >
    <label
      class="MuiFormLabel-root MuiInputLabel-root MuiInputLabel-formControl MuiInputLabel-animated MuiInputLabel-outlined"
      data-shrink="false"
      id="dropdown-label"
    >
      select data source
    </label>
    <div
      class="MuiInputBase-root MuiOutlinedInput-root MuiInputBase-formControl"
      data-testid="dropdown-dataSources"
    >
      <div
        aria-haspopup="listbox"
        aria-labelledby="dropdown-label dropdown-dataSources"
        class="MuiSelect-root MuiSelect-select MuiSelect-selectMenu MuiSelect-outlined MuiInputBase-input MuiOutlinedInput-input"
        id="dropdown-dataSources"
        role="button"
        tabindex="0"
      >
        <span>
          ​
        </span>
      </div>
      <input
        aria-hidden="true"
        class="MuiSelect-nativeInput"
        tabindex="-1"
        value=""
      />
      <svg
        aria-hidden="true"
        class="MuiSvgIcon-root MuiSelect-icon MuiSelect-iconOutlined"
        focusable="false"
        viewBox="0 0 24 24"
      >
        <path
          d="M7 10l5 5 5-5z"
        />
      </svg>
      <fieldset
        aria-hidden="true"
        class="PrivateNotchedOutline-root-3 MuiOutlinedInput-notchedOutline"
      >
        <legend
          class="PrivateNotchedOutline-legendLabelled-5"
        >
          <span>
            select data source
          </span>
        </legend>
      </fieldset>
    </div>
  </div>
</div>
`;

exports[`<DatasourceSelector /> should match snapshot for Error state 1`] = `
<div>
  <div
    class="MuiBox-root MuiBox-root-10 makeStyles-root-9"
  >
    <div
      class="MuiPaper-root MuiAlert-root MuiAlert-standardError MuiPaper-elevation0"
      role="alert"
    >
      <div
        class="MuiAlert-icon"
      >
        <svg
          aria-hidden="true"
          class="MuiSvgIcon-root MuiSvgIcon-fontSizeInherit"
          focusable="false"
          viewBox="0 0 24 24"
        >
          <path
            d="M11 15h2v2h-2zm0-8h2v6h-2zm.99-5C6.47 2 2 6.48 2 12s4.47 10 9.99 10C17.52 22 22 17.52 22 12S17.52 2 11.99 2zM12 20c-4.42 0-8-3.58-8-8s3.58-8 8-8 8 3.58 8 8-3.58 8-8 8z"
          />
        </svg>
      </div>
      <div
        class="MuiAlert-message"
      >
        Failed to load, Refresh the page
      </div>
    </div>
  </div>
</div>
`;

exports[`<DatasourceSelector /> should match snapshot for loading state 1`] = `
<div>
  <div
    class="MuiBox-root MuiBox-root-8 makeStyles-root-7"
  >
    <div
      class="MuiCircularProgress-root MuiCircularProgress-colorPrimary MuiCircularProgress-indeterminate"
      role="progressbar"
      style="width: 40px; height: 40px;"
    >
      <svg
        class="MuiCircularProgress-svg"
        viewBox="22 22 44 44"
      >
        <circle
          class="MuiCircularProgress-circle MuiCircularProgress-circleIndeterminate"
          cx="44"
          cy="44"
          fill="none"
          r="20.2"
          stroke-width="3.6"
        />
      </svg>
    </div>
  </div>
</div>
`;
