// Jest Snapshot v1, https://goo.gl/fbAQLP

exports[`Home should match snapshot for existing users 1`] = `
<div>
  <div
    class="MuiBox-root MuiBox-root-40 makeStyles-mainContainer-26"
  >
    <div
      class="MuiBox-root MuiBox-root-42"
    >
      <div
        class="MuiBox-root MuiBox-root-43"
      >
        <div
          class="MuiTabs-root"
        >
          <div
            class="MuiTabs-scroller MuiTabs-fixed"
            style="overflow: hidden;"
          >
            <div
              aria-label="disabled tabs example"
              class="MuiTabs-flexContainer"
              role="tablist"
            >
              <button
                aria-selected="true"
                class="MuiButtonBase-root MuiTab-root MuiTab-textColorInherit Mui-selected"
                role="tab"
                tabindex="0"
                type="button"
              >
                <span
                  class="MuiTab-wrapper"
                >
                  Recent Projects
                </span>
                <span
                  class="MuiTouchRipple-root"
                />
              </button>
            </div>
            <span
              class="PrivateTabIndicator-root-44 PrivateTabIndicator-colorPrimary-45 MuiTabs-indicator"
              style="left: 0px; width: 0px;"
            />
          </div>
        </div>
        <div
          class="MuiBox-root MuiBox-root-49 makeStyles-buttonGroup-48"
        >
          <button
            class="MuiButtonBase-root MuiButton-root MuiButton-contained MuiButton-containedSizeSmall MuiButton-sizeSmall"
            tabindex="0"
            type="button"
          >
            <span
              class="MuiButton-label"
            >
              Add New
            </span>
            <span
              class="MuiTouchRipple-root"
            />
          </button>
        </div>
      </div>
      <div
        class="MuiBox-root MuiBox-root-50 makeStyles-projectListContainer-41"
      >
        <div
          aria-labelledby="simple-tab-0"
          id="simple-tabpanel-0"
          role="tabpanel"
        >
          <div
            class="MuiGrid-root MuiGrid-container MuiGrid-spacing-xs-8 MuiGrid-grid-xl-12"
          >
            <div
              class="MuiGrid-root MuiGrid-item MuiGrid-grid-xs-3"
            >
              <div
                class="MuiBox-root MuiBox-root-52 makeStyles-cardContainer-51"
              >
                <h6
                  class="MuiTypography-root MuiTypography-subtitle2"
                >
                  project1
                </h6>
              </div>
            </div>
          </div>
        </div>
      </div>
    </div>
  </div>
</div>
`;

exports[`Home should match snapshot for new user 1`] = `
<div>
  <div
    class="MuiBox-root MuiBox-root-15 makeStyles-mainContainer-1"
  >
    <div
      class="MuiBox-root MuiBox-root-20 makeStyles-mainContainer-16"
    >
      <h4
        class="MuiTypography-root makeStyles-textCentered-17 MuiTypography-h4"
      >
        Welcome to BharatSim
      </h4>
      <div
        class="MuiBox-root MuiBox-root-21 makeStyles-itemsCentered-19"
      >
        <img
          alt="logo"
          src="welcomePlaceholder.svg"
        />
      </div>
      <div
        class="MuiBox-root MuiBox-root-22 makeStyles-introTextContainer-18"
      >
        <h6
          class="MuiTypography-root makeStyles-textCentered-17 MuiTypography-subtitle2"
        >
          Intro text
        </h6>
        <p
          class="MuiTypography-root makeStyles-textCentered-17 MuiTypography-body2"
        >
          Lorem ipsum dolor sit amet, consectetur adipiscing elit, sed do eiusmod tempor incididunt ut labore et dolore magna aliqua. Ut enim ad minim veniam, quis nostrud exercitation ullamco
        </p>
      </div>
      <div
        class="MuiBox-root MuiBox-root-23 makeStyles-itemsCentered-19"
      >
        <div
          class="MuiBox-root MuiBox-root-25 makeStyles-buttonGroup-24"
        >
          <button
            class="MuiButtonBase-root MuiButton-root MuiButton-contained MuiButton-containedSizeLarge MuiButton-sizeLarge"
            tabindex="0"
            type="button"
          >
            <span
              class="MuiButton-label"
            >
              Create new Project
            </span>
            <span
              class="MuiTouchRipple-root"
            />
          </button>
        </div>
      </div>
    </div>
  </div>
</div>
`;

exports[`Home should match snapshot for new user 2`] = `<div />`;
