// Jest Snapshot v1, https://goo.gl/fbAQLP

exports[`<Buttongroup /> should match snapshot 1`] = `
<div>
  <div
    class="MuiBox-root MuiBox-root-2 makeStyles-buttonGroup-1"
  >
    <button
      type="button"
    >
      click here
    </button>
    <button
      type="button"
    >
      click here
    </button>
  </div>
</div>
`;
