// Jest Snapshot v1, https://goo.gl/fbAQLP

exports[`<Dropdown /> Should create a dropdown with provided options 1`] = `
<ul
  aria-labelledby="dropdown-label"
  class="MuiList-root MuiMenu-list MuiList-padding"
  role="listbox"
  tabindex="-1"
>
  <li
    aria-disabled="false"
    class="MuiButtonBase-root MuiListItem-root MuiMenuItem-root MuiMenuItem-gutters MuiListItem-gutters MuiListItem-button Mui-focusVisible Mui-focusVisible"
    data-value="one"
    id="numbers-one"
    role="option"
    tabindex="0"
  >
    one
    <span
      class="MuiTouchRipple-root"
    />
  </li>
  <li
    aria-disabled="false"
    class="MuiButtonBase-root MuiListItem-root MuiMenuItem-root MuiMenuItem-gutters MuiListItem-gutters MuiListItem-button"
    data-value="two"
    id="numbers-two"
    role="option"
    tabindex="-1"
  >
    two
    <span
      class="MuiTouchRipple-root"
    />
  </li>
  <li
    aria-disabled="false"
    class="MuiButtonBase-root MuiListItem-root MuiMenuItem-root MuiMenuItem-gutters MuiListItem-gutters MuiListItem-button"
    data-value="three"
    id="numbers-three"
    role="option"
    tabindex="-1"
  >
    three
    <span
      class="MuiTouchRipple-root"
    />
  </li>
</ul>
`;

exports[`<Dropdown /> Should match a snapshot 1`] = `
<div>
  <div
    class="MuiFormControl-root makeStyles-formControl-1"
  >
    <label
      class="MuiFormLabel-root MuiInputLabel-root MuiInputLabel-formControl MuiInputLabel-animated MuiInputLabel-outlined"
      data-shrink="false"
      id="dropdown-label"
    >
      select number
    </label>
    <div
      class="MuiInputBase-root MuiOutlinedInput-root MuiInputBase-formControl"
      data-testid="numbers"
    >
      <div
        aria-haspopup="listbox"
        aria-labelledby="dropdown-label numbers"
        class="MuiSelect-root MuiSelect-select MuiSelect-selectMenu MuiSelect-outlined MuiInputBase-input MuiOutlinedInput-input"
        id="numbers"
        role="button"
        tabindex="0"
      >
        <span>
          ​
        </span>
      </div>
      <input
        aria-hidden="true"
        class="MuiSelect-nativeInput"
        tabindex="-1"
        value=""
      />
      <svg
        aria-hidden="true"
        class="MuiSvgIcon-root MuiSelect-icon MuiSelect-iconOutlined"
        focusable="false"
        viewBox="0 0 24 24"
      >
        <path
          d="M7 10l5 5 5-5z"
        />
      </svg>
      <fieldset
        aria-hidden="true"
        class="PrivateNotchedOutline-root-3 MuiOutlinedInput-notchedOutline"
      >
        <legend
          class="PrivateNotchedOutline-legendLabelled-5"
        >
          <span>
            select number
          </span>
        </legend>
      </fieldset>
    </div>
  </div>
</div>
`;
