// Jest Snapshot v1, https://goo.gl/fbAQLP

exports[`<FileUpload /> should match a snapshot 1`] = `
<div>
  <div
    class="MuiBox-root MuiBox-root-1"
  >
    <input
      accept=".csv"
      data-testid="input-upload-file"
      type="file"
    />
    <div
      class="MuiBox-root MuiBox-root-2"
    />
  </div>
  <button
    class="MuiButtonBase-root MuiButton-root MuiButton-contained MuiButton-containedPrimary Mui-disabled Mui-disabled"
    data-testid="button-upload"
    disabled=""
    tabindex="-1"
    type="button"
  >
    <span
      class="MuiButton-label"
    >
      Upload
    </span>
  </button>
</div>
`;
