// Jest Snapshot v1, https://goo.gl/fbAQLP

exports[`Project should render child without any api call if project id is undefined 1`] = `
<div>
  <div
    class="MuiBox-root MuiBox-root-5 makeStyles-layoutContainer-2"
  >
    <div
      class="MuiBox-root MuiBox-root-6 makeStyles-sideBarLayout-3"
    >
      <div
        class="MuiBox-root MuiBox-root-13"
      >
        <div
          class="MuiTabs-root MuiTabs-vertical"
        >
          <div
            class="MuiTabs-scroller MuiTabs-fixed"
            style="overflow: hidden;"
          >
            <div
              class="MuiTabs-flexContainer MuiTabs-flexContainerVertical"
              role="tablist"
            />
            <span
              class="PrivateTabIndicator-root-17 PrivateTabIndicator-colorSecondary-19 MuiTabs-indicator makeStyles-indicator-12 PrivateTabIndicator-vertical-20"
              style="top: 0px; height: 0px;"
            />
          </div>
        </div>
      </div>
    </div>
    <div
      class="MuiBox-root MuiBox-root-14 makeStyles-viewContainer-4"
    >
      <div>
        <div>
          ProjectLayout Child
        </div>
        <button
          type="button"
        >
          add dashboard
        </button>
        {
  "projectMetadata": {
    "id": null,
    "name": "untitled project"
  },
  "selectedDashboardMetadata": {}
}
      </div>
    </div>
  </div>
</div>
`;
