// Jest Snapshot v1, https://goo.gl/fbAQLP

exports[`Project should match snapshot for existed projects 1`] = `
<div>
  <div
    class="MuiBox-root MuiBox-root-28 makeStyles-layoutContainer-23"
  >
    <div
      class="MuiBox-root MuiBox-root-29 makeStyles-sideBarLayout-24"
    >
      <div
        class="MuiBox-root MuiBox-root-36"
      >
        <div
          class="MuiTabs-root MuiTabs-vertical"
        >
          <div
            class="MuiTabs-scroller MuiTabs-fixed"
            style="overflow: hidden;"
          >
            <div
              class="MuiTabs-flexContainer MuiTabs-flexContainerVertical"
              role="tablist"
            >
              <button
                aria-selected="true"
                class="MuiButtonBase-root MuiTab-root makeStyles-root-30 MuiTab-textColorInherit makeStyles-textColorInherit-34 Mui-selected makeStyles-selected-33 MuiTab-labelIcon makeStyles-labelIcon-32 MuiTab-fullWidth"
                data-testid="tab-d_name"
                role="tab"
                tabindex="0"
                type="button"
              >
                <span
                  class="MuiTab-wrapper makeStyles-wrapper-31"
                >
                  <div
                    class="MuiBox-root MuiBox-root-37"
                  >
                    <img
                      alt="dashboard-logo"
                      src="dashboard-icon.svg"
                    />
                  </div>
                  d_name
                </span>
                <span
                  class="MuiTouchRipple-root"
                />
              </button>
            </div>
            <span
              class="PrivateTabIndicator-root-38 PrivateTabIndicator-colorSecondary-40 MuiTabs-indicator makeStyles-indicator-35 PrivateTabIndicator-vertical-41"
              style="top: 0px; height: 0px;"
            />
          </div>
        </div>
      </div>
    </div>
    <div
      class="MuiBox-root MuiBox-root-42"
    >
      <div
        class="MuiBox-root MuiBox-root-43 makeStyles-projectNameBar-22"
      >
        <h5
          class="MuiTypography-root MuiTypography-h5"
        >
          project1
        </h5>
      </div>
      <div>
        {
  "projectMetadata": {
    "id": 1,
    "name": "project1"
  },
  "selectedDashboardMetadata": {
    "name": "d_name",
    "_id": "d_id"
  }
}
      </div>
    </div>
  </div>
</div>
`;

exports[`Project should match snapshot while creating new project 1`] = `
<div>
  <div
    class="MuiBox-root MuiBox-root-7 makeStyles-layoutContainer-2"
  >
    <div
      class="MuiBox-root MuiBox-root-8 makeStyles-sideBarLayout-3"
    >
      <div
        class="MuiBox-root MuiBox-root-15"
      >
        <div
          class="MuiTabs-root MuiTabs-vertical"
        >
          <div
            class="MuiTabs-scroller MuiTabs-fixed"
            style="overflow: hidden;"
          >
            <div
              class="MuiTabs-flexContainer MuiTabs-flexContainerVertical"
              role="tablist"
            />
            <span
              class="PrivateTabIndicator-root-18 PrivateTabIndicator-colorSecondary-20 MuiTabs-indicator makeStyles-indicator-14 PrivateTabIndicator-vertical-21"
              style="top: 0px; height: 0px;"
            />
          </div>
        </div>
      </div>
    </div>
    <div
      class="MuiBox-root MuiBox-root-16"
    >
      <div
        class="MuiBox-root MuiBox-root-17 makeStyles-projectNameBar-1"
      >
        <h5
          class="MuiTypography-root MuiTypography-h5"
        >
          untitled project
        </h5>
      </div>
      <div>
        {
  "projectMetadata": {
    "name": "untitled project"
  },
  "selectedDashboardMetadata": {}
}
      </div>
    </div>
  </div>
</div>
`;
