// Jest Snapshot v1, https://goo.gl/fbAQLP

exports[`<App /> should match snapshot 1`] = `
<div>
  <div>
    <header
      class="MuiBox-root MuiBox-root-8 makeStyles-mainContainer-6"
      cursor="pointer"
    >
      <div
        class="MuiBox-root MuiBox-root-9 makeStyles-logo-7"
      >
        <img
          alt="logo"
          src="PlaceholderLogo.svg"
        />
      </div>
    </header>
    <div
      class="makeStyles-root-10"
    >
      App Routes
    </div>
  </div>
</div>
`;
