// Jest Snapshot v1, https://goo.gl/fbAQLP

exports[`<App /> should match snapshot 1`] = `
<div>
  <div>
    <header
      class="MuiBox-root MuiBox-root-3 makeStyles-mainContainer-1"
    >
      <div
        class="MuiBox-root MuiBox-root-4 makeStyles-logo-2"
      >
        <img
          alt="logo"
          src="PlaceholderLogo.svg"
        />
      </div>
    </header>
    <div
      class="makeStyles-root-5"
    >
      <div
        class="MuiBox-root MuiBox-root-10 makeStyles-mainContainer-6"
      >
        <h4
          class="MuiTypography-root makeStyles-centered-7 MuiTypography-h4"
        >
          Welcome to BharatSim
        </h4>
        <div
          class="MuiBox-root MuiBox-root-11"
        >
          <img
            alt="logo"
            src="welcomePlaceholder.svg"
          />
        </div>
        <div
          class="MuiBox-root MuiBox-root-12 makeStyles-introTextContainer-8"
        >
          <h6
            class="MuiTypography-root makeStyles-centered-7 MuiTypography-subtitle2"
          >
            Intro text
          </h6>
          <p
            class="MuiTypography-root makeStyles-centered-7 MuiTypography-body2"
          >
            Lorem ipsum dolor sit amet, consectetur adipiscing elit, sed do eiusmod tempor incididunt ut labore et dolore magna aliqua. Ut enim ad minim veniam, quis nostrud exercitation ullamco
          </p>
        </div>
        <div
          class="MuiBox-root MuiBox-root-13 makeStyles-buttonContainer-9"
        >
          <div
            class="MuiBox-root MuiBox-root-15 makeStyles-buttonGroup-14"
          >
            <button
              class="MuiButtonBase-root MuiButton-root MuiButton-contained MuiButton-containedSizeLarge MuiButton-sizeLarge"
              tabindex="0"
              type="button"
            >
              <span
                class="MuiButton-label"
              >
                Create new Project
              </span>
              <span
                class="MuiTouchRipple-root"
              />
            </button>
          </div>
        </div>
      </div>
    </div>
  </div>
</div>
`;
