// Jest Snapshot v1, https://goo.gl/fbAQLP

exports[`<App /> should match snapshot 1`] = `
<div>
  <div
    class="makeStyles-root-1"
  >
    <div
      class="MuiBox-root MuiBox-root-2"
    >
      <h3
        class="MuiTypography-root MuiTypography-h3 MuiTypography-alignCenter"
      >
        Welcome to BharatSim Visualization
      </h3>
    </div>
    Dash Board Layout
  </div>
</div>
`;
