// Jest Snapshot v1, https://goo.gl/fbAQLP

exports[`<ConfigureDatatype /> should match snapshot 1`] = `
<div>
  <div
    class="MuiBox-root MuiBox-root-1"
  >
    <div>
      Table
      <div>
        {
  "title": "DataFile",
  "columns": [
    {
      "title": "col1",
      "field": "col1",
      "dataType": "string"
    },
    {
      "title": "col2",
      "field": "col2",
      "dataType": "number"
    }
  ],
  "data": [
    {
      "col1": "abc",
      "col2": 123
    },
    {
      "col1": "abcd",
      "col2": 1234
    }
  ],
  "options": {
    "paging": true,
    "showTitle": false,
    "headerStyle": {
      "padding": "4px 8px 4px 8px",
      "fontFamily": "\\"Rubik\\", sans-serif",
      "fontWeight": 400,
      "fontSize": "1rem",
      "lineHeight": 1.75,
      "letterSpacing": "0.00938em",
      "textAlign": "left",
      "flexDirection": "row",
      "borderBottom": "unset"
    }
  },
  "components": {}
}
      </div>
    </div>
  </div>
</div>
`;
