// Jest Snapshot v1, https://goo.gl/fbAQLP

exports[`Upload Dataset should match snapshot for upload dataset component 1`] = `
<div>
  <div
    class="MuiBox-root MuiBox-root-3"
  >
    <div
      class="MuiBox-root MuiBox-root-5 makeStyles-projectNameBar-4"
    >
      <h5
        class="MuiTypography-root MuiTypography-h5"
      >
        project1
      </h5>
    </div>
    <div
      class="MuiBox-root MuiBox-root-6 makeStyles-configureProjectDataBar-1"
    >
      <h6
        class="MuiTypography-root MuiTypography-h6"
      >
         Configure Dashboard Data :: Upload Dataset
      </h6>
      <div
        class="MuiBox-root MuiBox-root-8 makeStyles-buttonGroup-7"
      >
        <button
          class="MuiButtonBase-root MuiButton-root MuiButton-text"
          tabindex="0"
          type="button"
        >
          <span
            class="MuiButton-label"
          >
            Cancel
          </span>
          <span
            class="MuiTouchRipple-root"
          />
        </button>
        <button
          class="MuiButtonBase-root MuiButton-root MuiButton-contained Mui-disabled Mui-disabled"
          disabled=""
          tabindex="-1"
          type="button"
        >
          <span
            class="MuiButton-label"
          >
            Upload
          </span>
        </button>
      </div>
    </div>
    <div
      class="MuiBox-root MuiBox-root-9 makeStyles-contentWrapper-2"
    >
      <div
        class="MuiBox-root MuiBox-root-10"
      >
        <div
          class="MuiPaper-root MuiStepper-root MuiStepper-horizontal MuiPaper-elevation0"
        >
          <div
            class="MuiStep-root MuiStep-horizontal"
          >
            <span
              class="MuiStepLabel-root MuiStepLabel-horizontal"
            >
              <span
                class="MuiStepLabel-iconContainer"
              >
                <svg
                  aria-hidden="true"
                  class="MuiSvgIcon-root MuiStepIcon-root MuiStepIcon-active"
                  focusable="false"
                  viewBox="0 0 24 24"
                >
                  <circle
                    cx="12"
                    cy="12"
                    r="12"
                  />
                  <text
                    class="MuiStepIcon-text"
                    text-anchor="middle"
                    x="12"
                    y="16"
                  >
                    1
                  </text>
                </svg>
              </span>
              <span
                class="MuiStepLabel-labelContainer"
              >
                <span
                  class="MuiTypography-root MuiStepLabel-label MuiStepLabel-active MuiTypography-body2 MuiTypography-displayBlock"
                >
                  Import Data
                </span>
              </span>
            </span>
          </div>
          <div
            class="MuiStepConnector-root MuiStepConnector-horizontal Mui-disabled"
          >
            <span
              class="MuiStepConnector-line MuiStepConnector-lineHorizontal"
            />
          </div>
          <div
            class="MuiStep-root MuiStep-horizontal"
          >
            <span
              class="MuiStepLabel-root MuiStepLabel-horizontal Mui-disabled"
            >
              <span
                class="MuiStepLabel-iconContainer"
              >
                <svg
                  aria-hidden="true"
                  class="MuiSvgIcon-root MuiStepIcon-root"
                  focusable="false"
                  viewBox="0 0 24 24"
                >
                  <circle
                    cx="12"
                    cy="12"
                    r="12"
                  />
                  <text
                    class="MuiStepIcon-text"
                    text-anchor="middle"
                    x="12"
                    y="16"
                  >
                    2
                  </text>
                </svg>
              </span>
              <span
                class="MuiStepLabel-labelContainer"
              >
                <span
                  class="MuiTypography-root MuiStepLabel-label MuiTypography-body2 MuiTypography-displayBlock"
                >
                  Configure Datatype
                </span>
              </span>
            </span>
          </div>
          <div
            class="MuiStepConnector-root MuiStepConnector-horizontal Mui-disabled"
          >
            <span
              class="MuiStepConnector-line MuiStepConnector-lineHorizontal"
            />
          </div>
          <div
            class="MuiStep-root MuiStep-horizontal"
          >
            <span
              class="MuiStepLabel-root MuiStepLabel-horizontal Mui-disabled"
            >
              <span
                class="MuiStepLabel-iconContainer"
              >
                <svg
                  aria-hidden="true"
                  class="MuiSvgIcon-root MuiStepIcon-root"
                  focusable="false"
                  viewBox="0 0 24 24"
                >
                  <circle
                    cx="12"
                    cy="12"
                    r="12"
                  />
                  <text
                    class="MuiStepIcon-text"
                    text-anchor="middle"
                    x="12"
                    y="16"
                  >
                    3
                  </text>
                </svg>
              </span>
              <span
                class="MuiStepLabel-labelContainer"
              >
                <span
                  class="MuiTypography-root MuiStepLabel-label MuiTypography-body2 MuiTypography-displayBlock"
                >
                  Upload to Dashboard
                </span>
              </span>
            </span>
          </div>
        </div>
      </div>
      <div
        class="MuiBox-root MuiBox-root-11"
      >
        <div
          class="MuiBox-root MuiBox-root-14 makeStyles-importDataContainer-12"
        >
          <img
            alt="Import File"
            src="importFileIcon.svg"
          />
          <div
            class="MuiBox-root MuiBox-root-15 makeStyles-textContainer-13"
          >
            <p
              class="MuiTypography-root MuiTypography-body1"
            >
              Drag your file here or 
            </p>
            <div
              class="MuiBox-root MuiBox-root-16"
            >
              <label
                aria-disabled="false"
                class="MuiButtonBase-root MuiButton-root MuiButton-outlined"
                role="button"
                tabindex="0"
              >
                <span
                  class="MuiButton-label"
                >
                  Browse
                  <input
                    data-testid="file-input"
                    style="display: none;"
                    type="file"
                  />
                </span>
                <span
                  class="MuiTouchRipple-root"
                />
              </label>
            </div>
          </div>
        </div>
      </div>
    </div>
  </div>
</div>
`;
