// Jest Snapshot v1, https://goo.gl/fbAQLP

exports[`Dashboard controller should match snapshot 1`] = `
<div>
  <div
    class="MuiBox-root MuiBox-root-6"
  >
    <div
      class="MuiTabs-root MuiTabs-vertical"
    >
      <div
        class="MuiTabs-scroller MuiTabs-fixed"
        style="overflow: hidden;"
      >
        <div
          class="MuiTabs-flexContainer MuiTabs-flexContainerVertical"
          role="tablist"
        >
          <button
            aria-selected="true"
            class="MuiButtonBase-root MuiTab-root makeStyles-root-4 MuiTab-textColorInherit Mui-selected makeStyles-selected-3 MuiTab-labelIcon makeStyles-labelIcon-2 MuiTab-fullWidth"
            data-testid="tab-dashboard1"
            role="tab"
            tabindex="0"
            type="button"
          >
            <span
              class="MuiTab-wrapper makeStyles-wrapper-1"
            >
              <div
                class="MuiBox-root MuiBox-root-7"
              >
                <img
                  alt="dashboard-logo"
                  src="dashboard-icon.svg"
                />
              </div>
              dashboard1
            </span>
            <span
              class="MuiTouchRipple-root"
            />
          </button>
          <button
            aria-selected="false"
            class="MuiButtonBase-root MuiTab-root makeStyles-root-4 MuiTab-textColorInherit MuiTab-labelIcon makeStyles-labelIcon-2 MuiTab-fullWidth"
            data-testid="tab-dashboard2"
            role="tab"
            tabindex="-1"
            type="button"
          >
            <span
              class="MuiTab-wrapper makeStyles-wrapper-1"
            >
              <div
                class="MuiBox-root MuiBox-root-12"
              >
                <img
                  alt="dashboard-logo"
                  src="dashboard-icon.svg"
                />
              </div>
              dashboard2
            </span>
            <span
              class="MuiTouchRipple-root"
            />
          </button>
          <button
            aria-selected="false"
            class="MuiButtonBase-root MuiTab-root makeStyles-root-4 MuiTab-textColorInherit MuiTab-labelIcon makeStyles-labelIcon-2 MuiTab-fullWidth"
            data-testid="tab-dashboard3"
            role="tab"
            tabindex="-1"
            type="button"
          >
            <span
              class="MuiTab-wrapper makeStyles-wrapper-1"
            >
              <div
                class="MuiBox-root MuiBox-root-13"
              >
                <img
                  alt="dashboard-logo"
                  src="dashboard-icon.svg"
                />
              </div>
              dashboard3
            </span>
            <span
              class="MuiTouchRipple-root"
            />
          </button>
        </div>
        <span
          class="PrivateTabIndicator-root-8 PrivateTabIndicator-colorSecondary-10 MuiTabs-indicator makeStyles-indicator-5 PrivateTabIndicator-vertical-11"
          style="top: 0px; height: 0px;"
        />
      </div>
    </div>
  </div>
</div>
`;
