// Jest Snapshot v1, https://goo.gl/fbAQLP

exports[`Project should match snapshot 1`] = `
<div>
  <div
    class="MuiBox-root MuiBox-root-6 makeStyles-main-1"
  >
    <div
      class="MuiBox-root MuiBox-root-7 makeStyles-sideBar-2"
    >
      <div
        class="MuiBox-root MuiBox-root-8 makeStyles-logo-4"
      >
        <div
          class="MuiBox-root MuiBox-root-9"
        >
          <img
            alt="logo"
            src="Logobharatsim-logo.svg"
          />
        </div>
        <h1
          class="MuiTypography-root makeStyles-logoText-5 MuiTypography-h1"
        >
          BHARATSIM
        </h1>
      </div>
      <div
        class="MuiBox-root MuiBox-root-10"
      >
        <div
          class="MuiBox-root MuiBox-root-16"
        >
          <div
            class="MuiTabs-root MuiTabs-vertical"
          >
            <div
              class="MuiTabs-scroller MuiTabs-fixed"
              style="overflow: hidden;"
            >
              <div
                class="MuiTabs-flexContainer MuiTabs-flexContainerVertical"
                role="tablist"
              >
                <button
                  aria-selected="true"
                  class="MuiButtonBase-root MuiTab-root makeStyles-root-14 MuiTab-textColorInherit Mui-selected makeStyles-selected-13 MuiTab-labelIcon makeStyles-labelIcon-12 MuiTab-fullWidth"
                  data-testid="tab-Dashboard 1"
                  role="tab"
                  tabindex="0"
                  type="button"
                >
                  <span
                    class="MuiTab-wrapper makeStyles-wrapper-11"
                  >
                    <div
                      class="MuiBox-root MuiBox-root-17"
                    >
                      <img
                        alt="dashboard-logo"
                        src="dashboard-icon.svg"
                      />
                    </div>
                    Dashboard 1
                  </span>
                  <span
                    class="MuiTouchRipple-root"
                  />
                </button>
              </div>
              <span
                class="PrivateTabIndicator-root-18 PrivateTabIndicator-colorSecondary-20 MuiTabs-indicator makeStyles-indicator-15 PrivateTabIndicator-vertical-21"
                style="top: 0px; height: 0px;"
              />
            </div>
          </div>
        </div>
      </div>
    </div>
    <div
      class="MuiBox-root MuiBox-root-22 makeStyles-view-3"
    >
      <div
        class="MuiBox-root MuiBox-root-23"
      >
        <div>
          <div
            class="MuiBox-root MuiBox-root-24"
          >
            dashboard1
          </div>
        </div>
      </div>
    </div>
  </div>
</div>
`;
