// Jest Snapshot v1, https://goo.gl/fbAQLP

exports[`Dashboard Navbar should render dashboard view for given dashboard data and project name  1`] = `
<div>
  <div
    class="MuiBox-root MuiBox-root-7"
  >
    <div
      class="MuiTabs-root MuiTabs-vertical"
    >
      <div
        class="MuiTabs-scroller MuiTabs-fixed"
        style="overflow: hidden;"
      >
        <div
          class="MuiTabs-flexContainer MuiTabs-flexContainerVertical"
          role="tablist"
        >
          <button
            aria-selected="true"
            class="MuiButtonBase-root MuiTab-root makeStyles-root-1 MuiTab-textColorInherit makeStyles-textColorInherit-5 Mui-selected makeStyles-selected-4 MuiTab-labelIcon makeStyles-labelIcon-3 MuiTab-fullWidth"
            data-testid="tab-dashboard1"
            role="tab"
            tabindex="0"
            type="button"
          >
            <span
              class="MuiTab-wrapper makeStyles-wrapper-2"
            >
              <div
                class="MuiBox-root MuiBox-root-8"
              >
                <img
                  alt="dashboard-logo"
                  src="dashboard-icon.svg"
                />
              </div>
              dashboard1
            </span>
            <span
              class="MuiTouchRipple-root"
            />
          </button>
        </div>
        <span
          class="PrivateTabIndicator-root-9 PrivateTabIndicator-colorSecondary-11 MuiTabs-indicator makeStyles-indicator-6 PrivateTabIndicator-vertical-12"
          style="top: 0px; height: 0px;"
        />
      </div>
    </div>
  </div>
</div>
`;
